// Jest Snapshot v1, https://jestjs.io/docs/snapshot-testing

exports[`csharp serializer snapshot (example.xlsx) matches C# class snapshot 1`] = `
"// Code generated by tables. DO NOT EDIT.
#nullable enable
using System;
using System.Collections.Generic;
using System.Text.Json.Serialization;

namespace Tables
{
    public class Example
    {
    [JsonPropertyName("ctype")]
        public double Ctype { get; set; }

    [JsonPropertyName("building")]
        public double Building { get; set; }

    [JsonPropertyName("level")]
        public double Level { get; set; }

    [JsonPropertyName("name")]
        public string Name { get; set; }

    [JsonPropertyName("upgrage")]
        public ExampleUpgrage Upgrage { get; set; }

    [JsonPropertyName("product")]
        public List<ExampleProductItem> Product { get; set; }

    [JsonPropertyName("cost")]
        public List<ExampleCostItem> Cost { get; set; }

    [JsonPropertyName("arr")]
        public List<double> Arr { get; set; }

    [JsonPropertyName("pair")]
        public ExamplePair Pair { get; set; }

    [JsonPropertyName("map")]
        public List<ExampleMapItem> Map { get; set; }

    [JsonPropertyName("nest")]
        public List<object> Nest { get; set; }

    [JsonPropertyName("stars")]
        public List<object> Stars { get; set; }

    [JsonPropertyName("nestedArray")]
        public List<object> NestedArray { get; set; }

    [JsonPropertyName("ax")]
        public object Ax { get; set; }
     }

    public class ExampleUpgrage
    {
    [JsonPropertyName("to")]
        public double To { get; set; }

    [JsonPropertyName("dependency")]
        public List<double> Dependency { get; set; }
     }

    public class ExampleProductItem
    {
    [JsonPropertyName("tid")]
        public double Tid { get; set; }

    [JsonPropertyName("num")]
        public double Num { get; set; }
     }

    public class ExampleCostItem
    {
    [JsonPropertyName("key")]
        public string Key { get; set; }

    [JsonPropertyName("val")]
        public double Val { get; set; }
     }

    public class ExamplePair
    {
    [JsonPropertyName("key")]
        public string Key { get; set; }

    [JsonPropertyName("val")]
        public double Val { get; set; }
     }

    public class ExampleMapItem
    {
    [JsonPropertyName("key")]
        public string Key { get; set; }

    [JsonPropertyName("val")]
        public object Val { get; set; }
     }

    public class ExampleNestedArrayItem0
    {
    [JsonPropertyName("data")]
        public double Data { get; set; }
     }

    public class ExampleNestedArrayItem1
    {
    [JsonPropertyName("data")]
        public double Data { get; set; }
     }
}"
`;
