// Jest Snapshot v1, https://jestjs.io/docs/snapshot-testing

exports[`go serializer snapshot (example.xlsx) matches Go struct snapshot 1`] = `
"// Code generated by tables. DO NOT EDIT.

package tables

type Example struct {
  Ctype float64 \`json:"ctype"\`
  Building float64 \`json:"building"\`
  Level float64 \`json:"level"\`
  Name string \`json:"name"\`
  Upgrage struct {
    To float64 \`json:"to"\`
    Dependency []float64 \`json:"dependency"\`
  } \`json:"upgrage"\`
  Product []struct {
      Tid float64 \`json:"tid"\`
      Num float64 \`json:"num"\`
    } \`json:"product"\`
  Cost []struct {
      Key string \`json:"key"\`
      Val float64 \`json:"val"\`
    } \`json:"cost"\`
  Arr []float64 \`json:"arr"\`
  Pair struct {
    Key string \`json:"key"\`
    Val float64 \`json:"val"\`
  } \`json:"pair"\`
  Map []struct {
      Key string \`json:"key"\`
      Val interface{} \`json:"val"\`
    } \`json:"map"\`
  Nest []interface{} \`json:"nest"\`
  Stars []interface{} \`json:"stars"\`
  NestedArray []interface{} \`json:"nestedArray"\`
  Ax interface{} \`json:"ax"\`
}
"
`;
